[36mrolldown-vite v7.3.1 [32mbuilding client environment for production...[36m[39m
[2K
transforming...Ô£ô 2005 modules transformed.
rendering chunks...
node.exe : [31mÔ£ù[39m 
Build failed in 8.34s
At line:1 char:1
+ & "C:\Program 
Files\nodejs/node.exe" 
"C:\Program 
Files\nodejs/node_mo ...
+ ~~~~~~~~~~~~~~~~~~~~~~~~~~
~~~~~~~~~~~~~~~~~~~~~~~~~~~~
~~~~~~~~~~~~~~~
    + CategoryInfo          
    : NotSpecified: ([31m  
  Ô£ù[39m Build failed i   
 n 8.34s:String) [], Rem    
oteException
    + FullyQualifiedErrorId 
    : NativeCommandError
 
[31merror during build:
[31mBuild failed with 59 
errors:

[31m[MISSING_EXPORT] 
Error:[0m "User" is not 
exported by 
"src/types/index.ts".
   [38;5;246mÔò¡[0m[38;5;
246mÔöÇ[0m[38;5;246m[[0m 
src/context/AuthContext.tsx:
4:10 [38;5;246m][0m
   [38;5;246mÔöé[0m
 [38;5;246m4 Ôöé[0m [38;5
;249mi[0m[38;5;249mm[0m[
38;5;249mp[0m[38;5;249mo[
0m[38;5;249mr[0m[38;5;249
mt[0m[38;5;249m [0m[38;5
;249m{[0m[38;5;249m 
[0mUser[38;5;249m [0m[38
;5;249m}[0m[38;5;249m [0m
[38;5;249mf[0m[38;5;249mr
[0m[38;5;249mo[0m[38;5;2
49mm[0m[38;5;249m [0m[38
;5;249m"[0m[38;5;249m@[0m
[38;5;249m/[0m[38;5;249mt
[0m[38;5;249my[0m[38;5;2
49mp[0m[38;5;249me[0m[38
;5;249ms[0m[38;5;249m/[0m
[38;5;249mi[0m[38;5;249mn
[0m[38;5;249md[0m[38;5;2
49me[0m[38;5;249mx[0m[38
;5;249m"[0m[38;5;249m;[0m
 [38;5;240m  Ôöé[0m       
   ÔöÇÔöÇÔö¼ÔöÇ  
 [38;5;240m  Ôöé[0m       
     Ôò░ÔöÇÔöÇÔöÇ Missing 
export
[38;5;246mÔöÇÔöÇÔöÇÔò»[0m

[31m[MISSING_EXPORT] 
Error:[0m "Post" is not 
exported by 
"src/types/index.ts".
   [38;5;246mÔò¡[0m[38;5;
246mÔöÇ[0m[38;5;246m[[0m 
src/context/PostContext.tsx:
3:10 [38;5;246m][0m
   [38;5;246mÔöé[0m
 [38;5;246m3 Ôöé[0m [38;5
;249mi[0m[38;5;249mm[0m[
38;5;249mp[0m[38;5;249mo[
0m[38;5;249mr[0m[38;5;249
mt[0m[38;5;249m [0m[38;5
;249m{[0m[38;5;249m 
[0mPost[38;5;249m [0m[38
;5;249m}[0m[38;5;249m [0m
[38;5;249mf[0m[38;5;249mr
[0m[38;5;249mo[0m[38;5;2
49mm[0m[38;5;249m [0m[38
;5;249m"[0m[38;5;249m@[0m
[38;5;249m/[0m[38;5;249mt
[0m[38;5;249my[0m[38;5;2
49mp[0m[38;5;249me[0m[38
;5;249ms[0m[38;5;249m/[0m
[38;5;249mi[0m[38;5;249mn
[0m[38;5;249md[0m[38;5;2
49me[0m[38;5;249mx[0m[38
;5;249m"[0m[38;5;249m;[0m
 [38;5;240m  Ôöé[0m       
   ÔöÇÔöÇÔö¼ÔöÇ  
 [38;5;240m  Ôöé[0m       
     Ôò░ÔöÇÔöÇÔöÇ Missing 
export
[38;5;246mÔöÇÔöÇÔöÇÔò»[0m

[31m[MISSING_EXPORT] 
Error:[0m "Media" is not 
exported by 
"src/types/index.ts".
   [38;5;246mÔò¡[0m[38;5;
246mÔöÇ[0m[38;5;246m[[0m 
src/context/LightboxContext.
tsx:3:10 [38;5;246m][0m
   [38;5;246mÔöé[0m
 [38;5;246m3 Ôöé[0m [38;5
;249mi[0m[38;5;249mm[0m[
38;5;249mp[0m[38;5;249mo[
0m[38;5;249mr[0m[38;5;249
mt[0m[38;5;249m [0m[38;5
;249m{[0m[38;5;249m 
[0mMedia[38;5;249m [0m[3
8;5;249m}[0m[38;5;249m [0
m[38;5;249mf[0m[38;5;249m
r[0m[38;5;249mo[0m[38;5;
249mm[0m[38;5;249m [0m[3
8;5;249m"[0m[38;5;249m@[0
m[38;5;249m/[0m[38;5;249m
t[0m[38;5;249my[0m[38;5;
249mp[0m[38;5;249me[0m[3
8;5;249ms[0m[38;5;249m/[0
m[38;5;249mi[0m[38;5;249m
n[0m[38;5;249md[0m[38;5;
249me[0m[38;5;249mx[0m[3
8;5;249m"[0m[38;5;249m;[0
m
 [38;5;240m  Ôöé[0m       
   ÔöÇÔöÇÔö¼ÔöÇÔöÇ  
 [38;5;240m  Ôöé[0m       
     Ôò░ÔöÇÔöÇÔöÇÔöÇ 
Missing export
[38;5;246mÔöÇÔöÇÔöÇÔò»[0m

[31m[MISSING_EXPORT] 
Error:[0m "User" is not 
exported by 
"src/types/index.ts".
   [38;5;246mÔò¡[0m[38;5;
246mÔöÇ[0m[38;5;246m[[0m 
src/pages/Explore.tsx:9:10 
[38;5;246m][0m
   [38;5;246mÔöé[0m
 [38;5;246m9 Ôöé[0m [38;5
;249mi[0m[38;5;249mm[0m[
38;5;249mp[0m[38;5;249mo[
0m[38;5;249mr[0m[38;5;249
mt[0m[38;5;249m [0m[38;5
;249m{[0m[38;5;249m [0mUs
er[38;5;249m,[0m[38;5;249
m [0m[38;5;249mP[0m[38;5
;249mo[0m[38;5;249ms[0m[
38;5;249mt[0m[38;5;249m [
0m[38;5;249ma[0m[38;5;249
ms[0m[38;5;249m [0m[38;5
;249mP[0m[38;5;249mo[0m[
38;5;249ms[0m[38;5;249mt[
0m[38;5;249mT[0m[38;5;249
my[0m[38;5;249mp[0m[38;5
;249me[0m[38;5;249m,[0m[
38;5;249m [0m[38;5;249mC[
0m[38;5;249mo[0m[38;5;249
mm[0m[38;5;249mm[0m[38;5
;249mu[0m[38;5;249mn[0m[
38;5;249mi[0m[38;5;249mt[
0m[38;5;249my[0m[38;5;249
m [0m[38;5;249m}[0m[38;5
;249m [0m[38;5;249mf[0m[
38;5;249mr[0m[38;5;249mo[
0m[38;5;249mm[0m[38;5;249
m [0m[38;5;249m"[0m[38;5
;249m@[0m[38;5;249m/[0m[
38;5;249mt[0m[38;5;249my[
0m[38;5;249mp[0m[38;5;249
me[0m[38;5;249ms[0m[38;5
;249m"[0m[38;5;249m;[0m
 [38;5;240m  Ôöé[0m       
   ÔöÇÔöÇÔö¼ÔöÇ  
 [38;5;240m  Ôöé[0m       
     Ôò░ÔöÇÔöÇÔöÇ Missing 
export
[38;5;246mÔöÇÔöÇÔöÇÔò»[0m

[31m[MISSING_EXPORT] 
Error:[0m "Post" is not 
exported by 
"src/types/index.ts".
   [38;5;246mÔò¡[0m[38;5;
246mÔöÇ[0m[38;5;246m[[0m 
src/pages/Explore.tsx:9:16 
[38;5;246m][0m
   [38;5;246mÔöé[0m
 [38;5;246m9 Ôöé[0m [38;5
;249mi[0m[38;5;249mm[0m[
38;5;249mp[0m[38;5;249mo[
0m[38;5;249mr[0m[38;5;249
mt[0m[38;5;249m [0m[38;5
;249m{[0m[38;5;249m [0m[
38;5;249mU[0m[38;5;249ms[
0m[38;5;249me[0m[38;5;249
mr[0m[38;5;249m,[0m[38;5
;249m [0mPost[38;5;249m [
0m[38;5;249ma[0m[38;5;249
ms[0m[38;5;249m [0m[38;5
;249mP[0m[38;5;249mo[0m[
38;5;249ms[0m[38;5;249mt[
0m[38;5;249mT[0m[38;5;249
my[0m[38;5;249mp[0m[38;5
;249me[0m[38;5;249m,[0m[
38;5;249m [0m[38;5;249mC[
0m[38;5;249mo[0m[38;5;249
mm[0m[38;5;249mm[0m[38;5
;249mu[0m[38;5;249mn[0m[
38;5;249mi[0m[38;5;249mt[
0m[38;5;249my[0m[38;5;249
m [0m[38;5;249m}[0m[38;5
;249m [0m[38;5;249mf[0m[
38;5;249mr[0m[38;5;249mo[
0m[38;5;249mm[0m[38;5;249
m [0m[38;5;249m"[0m[38;5
;249m@[0m[38;5;249m/[0m[
38;5;249mt[0m[38;5;249my[
0m[38;5;249mp[0m[38;5;249
me[0m[38;5;249ms[0m[38;5
;249m"[0m[38;5;249m;[0m
 [38;5;240m  Ôöé[0m       
         ÔöÇÔöÇÔö¼ÔöÇ  
 [38;5;240m  Ôöé[0m       
           Ôò░ÔöÇÔöÇÔöÇ 
Missing export
[38;5;246mÔöÇÔöÇÔöÇÔò»[0m

...[31m
    at aggregateBindingError
sIntoJsError (file:///D:/%60
Mahadi/%60AntiGravity/vite-p
roject/node_modules/.pnpm/ro
lldown@1.0.0-beta.53/node_mo
dules/rolldown/dist/shared/b
indingify-input-options-Bk0B
Br2s.mjs:56:18)
    at unwrapBindingResult (
file:///D:/%60Mahadi/%60Anti
Gravity/vite-project/node_mo
dules/.pnpm/rolldown@1.0.0-b
eta.53/node_modules/rolldown
/dist/shared/bindingify-inpu
t-options-Bk0BBr2s.mjs:31:12
8)
    at #build (file:///D:/%6
0Mahadi/%60AntiGravity/vite-
project/node_modules/.pnpm/r
olldown@1.0.0-beta.53/node_m
odules/rolldown/dist/shared/
rolldown-build-BEU8N80I.mjs:
2260:34)
    at async 
buildEnvironment (file:///D:
/%60Mahadi/%60AntiGravity/vi
te-project/node_modules/.pnp
m/rolldown-vite@7.3.1_@types
+_d25f4eb867fa29782414e45752
7f8cdb/node_modules/rolldown
-vite/dist/node/chunks/node.
js:32805:64)
    at async Object.build (f
ile:///D:/%60Mahadi/%60AntiG
ravity/vite-project/node_mod
ules/.pnpm/rolldown-vite@7.3
.1_@types+_d25f4eb867fa29782
414e457527f8cdb/node_modules
/rolldown-vite/dist/node/chu
nks/node.js:33208:19)
    at async 
Object.buildApp (file:///D:/
%60Mahadi/%60AntiGravity/vit
e-project/node_modules/.pnpm
/rolldown-vite@7.3.1_@types+
_d25f4eb867fa29782414e457527
f8cdb/node_modules/rolldown-
vite/dist/node/chunks/node.j
s:33205:153)
    at async 
CAC.<anonymous> (file:///D:/
%60Mahadi/%60AntiGravity/vit
e-project/node_modules/.pnpm
/rolldown-vite@7.3.1_@types+
_d25f4eb867fa29782414e457527
f8cdb/node_modules/rolldown-
vite/dist/node/cli.js:629:3)
[39m
