src/components/features/chat/ChatWindow.tsx(53,35): error TS6133: 'keyboardHeight' is declared but its value is never read.
src/components/features/modals/CreateGroupModal.tsx(5,43): error TS6133: 'Loader2' is declared but its value is never read.
src/components/features/modals/GroupSettingsModal.tsx(205,20): error TS2304: Cannot find name 'Camera'.
src/components/features/modals/GroupSettingsModal.tsx(276,20): error TS2304: Cannot find name 'Search'.
src/components/features/modals/GroupSettingsModal.tsx(359,28): error TS2304: Cannot find name 'ShieldCheck'.
src/components/features/modals/GroupSettingsModal.tsx(384,16): error TS2304: Cannot find name 'LogOut'.
src/components/features/modals/GroupSettingsModal.tsx(394,18): error TS2304: Cannot find name 'Trash2'.
src/components/features/post/ReelCommentsModal.tsx(168,20): error TS2304: Cannot find name 'Button'.
src/components/features/post/ReelCommentsModal.tsx(175,21): error TS2304: Cannot find name 'Button'.
